// Jest Snapshot v1, https://goo.gl/fbAQLP

exports[`Typing field component should render correctly 1`] = `
<div
  className="MuiBox-root MuiBox-root-5"
>
  <div
    className="MuiFormControl-root MuiFormControl-fullWidth"
  >
    <label
      className="MuiFormLabel-root MuiInputLabel-root MuiInputLabel-formControl MuiInputLabel-animated MuiInputLabel-outlined"
      data-shrink={false}
      htmlFor="outlined-adornment-message"
    >
      Votre message
    </label>
    <div
      className="MuiInputBase-root MuiOutlinedInput-root makeStyles-inputText-2 MuiInputBase-formControl MuiInputBase-adornedEnd MuiOutlinedInput-adornedEnd"
      data-testid="input-message"
      onClick={[Function]}
      variant="outlined"
    >
      <input
        aria-invalid={false}
        className="MuiInputBase-input MuiOutlinedInput-input MuiInputBase-inputAdornedEnd MuiOutlinedInput-inputAdornedEnd MuiInputBase-inputTypeSearch"
        disabled={false}
        id="outlined-adornment-message"
        onAnimationStart={[Function]}
        onBlur={[Function]}
        onChange={[Function]}
        onFocus={[Function]}
        required={false}
        type="search"
        value=""
      />
      <div
        className="MuiInputAdornment-root MuiInputAdornment-positionEnd"
      >
        <button
          className="MuiButtonBase-root MuiIconButton-root MuiIconButton-edgeEnd"
          disabled={false}
          onBlur={[Function]}
          onClick={[Function]}
          onDragLeave={[Function]}
          onFocus={[Function]}
          onKeyDown={[Function]}
          onKeyUp={[Function]}
          onMouseDown={[Function]}
          onMouseLeave={[Function]}
          onMouseUp={[Function]}
          onTouchEnd={[Function]}
          onTouchMove={[Function]}
          onTouchStart={[Function]}
          tabIndex={0}
          type="button"
        >
          <span
            className="MuiIconButton-label"
          >
            <svg
              aria-hidden={true}
              className="MuiSvgIcon-root"
              focusable="false"
              viewBox="0 0 24 24"
            >
              <path
                d="M12 4.5C7 4.5 2.73 7.61 1 12c1.73 4.39 6 7.5 11 7.5s9.27-3.11 11-7.5c-1.73-4.39-6-7.5-11-7.5zM12 17c-2.76 0-5-2.24-5-5s2.24-5 5-5 5 2.24 5 5-2.24 5-5 5zm0-8c-1.66 0-3 1.34-3 3s1.34 3 3 3 3-1.34 3-3-1.34-3-3-3z"
              />
            </svg>
          </span>
        </button>
      </div>
      <fieldset
        aria-hidden={true}
        className="PrivateNotchedOutline-root-6 MuiOutlinedInput-notchedOutline"
      >
        <legend
          className="PrivateNotchedOutline-legendLabelled-8"
        >
          <span>
            Search field
          </span>
        </legend>
      </fieldset>
    </div>
  </div>
  <button
    className="MuiButtonBase-root MuiButton-root MuiButton-contained makeStyles-button-3 makeStyles-isDisabled-4"
    disabled={false}
    id="submit-button"
    onBlur={[Function]}
    onClick={[Function]}
    onDragLeave={[Function]}
    onFocus={[Function]}
    onKeyDown={[Function]}
    onKeyUp={[Function]}
    onMouseDown={[Function]}
    onMouseLeave={[Function]}
    onMouseUp={[Function]}
    onTouchEnd={[Function]}
    onTouchMove={[Function]}
    onTouchStart={[Function]}
    tabIndex={0}
    type="button"
  >
    <span
      className="MuiButton-label"
    >
      Envoyer
    </span>
  </button>
</div>
`;
